
> gammal-tech-frontend@0.0.0 build
> vite build

[36mvite v8.0.8 [32mbuilding client environment for production...[36m[39m
[2K
transforming...ظ£ô 1733 modules transformed.
node.exe : 
[31mظ£ù[39m Build 
failed in 1.08s
At line:1 char:1
+ & "C:\Program 
Files\nodejs/node.exe" 
"C:\Program 
Files\nodejs/node_mo 
...
+ ~~~~~~~~~~~~~~~~~~~~~
~~~~~~~~~~~~~~~~~~~~~~~
~~~~~~~~~~~~~~~~~~~~~~~
~~
    + CategoryInfo     
         : NotSpecifi  
  ed: ([31mظ£ù[39m   
  Build failed in 1    
.08s:String) [], R    
emoteException
    + FullyQualifiedEr 
   rorId : NativeComm  
  andError
 
[31merror during 
build:
[31mBuild failed with 
1 error:

[plugin vite:css] C:/Us
ers/┘Eslam/Desktop/Fro
nt-end/gammal-tech-fron
tend/src/index.css:unde
fined:NaN
Error: [postcss] It 
looks like you're 
trying to use 
`tailwindcss` directly 
as a PostCSS plugin. 
The PostCSS plugin has 
moved to a separate 
package, so to 
continue using 
Tailwind CSS with 
PostCSS you'll need to 
install 
`@tailwindcss/postcss` 
and update your 
PostCSS configuration.
    at at (C:\Users\┘E
slam\Desktop\Front-end\
gammal-tech-frontend\no
de_modules\tailwindcss\
dist\lib.js:38:1643)
    at 
LazyResult.runOnRoot (C
:\Users\┘Eslam\Desktop
\Front-end\gammal-tech-
frontend\node_modules\p
ostcss\lib\lazy-result.
js:361:16)
    at 
LazyResult.runAsync (C:
\Users\┘Eslam\Desktop\
Front-end\gammal-tech-f
rontend\node_modules\po
stcss\lib\lazy-result.j
s:290:26)
    at 
LazyResult.async (C:\Us
ers\┘Eslam\Desktop\Fro
nt-end\gammal-tech-fron
tend\node_modules\postc
ss\lib\lazy-result.js:1
92:30)
    at LazyResult.then 
(C:\Users\┘Eslam\Deskt
op\Front-end\gammal-tec
h-frontend\node_modules
\postcss\lib\lazy-resul
t.js:436:17)[31m
    at aggregateBinding
ErrorsIntoJsError (file
:///C:/Users/%D9%8FEsla
m/Desktop/Front-end/gam
mal-tech-frontend/node_
modules/rolldown/dist/s
hared/error-w0u7biK-.mj
s:48:18)
    at 
unwrapBindingResult (fi
le:///C:/Users/%D9%8FEs
lam/Desktop/Front-end/g
ammal-tech-frontend/nod
e_modules/rolldown/dist
/shared/error-w0u7biK-.
mjs:18:128)
    at #build (file:///
C:/Users/%D9%8FEslam/De
sktop/Front-end/gammal-
tech-frontend/node_modu
les/rolldown/dist/share
d/rolldown-build-DtGk-m
96.mjs:3313:34)
    at async 
buildEnvironment (file:
///C:/Users/%D9%8FEslam
/Desktop/Front-end/gamm
al-tech-frontend/node_m
odules/vite/dist/node/c
hunks/node.js:32954:64)
    at async 
Object.build (file:///C
:/Users/%D9%8FEslam/Des
ktop/Front-end/gammal-t
ech-frontend/node_modul
es/vite/dist/node/chunk
s/node.js:33376:19)
    at async 
Object.buildApp (file:/
//C:/Users/%D9%8FEslam/
Desktop/Front-end/gamma
l-tech-frontend/node_mo
dules/vite/dist/node/ch
unks/node.js:33373:153)
    at async 
CAC.<anonymous> (file:/
//C:/Users/%D9%8FEslam/
Desktop/Front-end/gamma
l-tech-frontend/node_mo
dules/vite/dist/node/cl
i.js:778:3) {
  errors: 
[Getter/Setter]
}[39m
